void setup();
void loop();
unsigned long getspeed();
