void playMessage(prog_uchar* message);
void loop();
